// Jest Snapshot v1, https://goo.gl/fbAQLP

exports[`Render PrivateRoute component Render PrivateRoute 1`] = `null`;
