// Jest Snapshot v1, https://goo.gl/fbAQLP

exports[`Render CityMap component Render CityMap 1`] = `
<div
  id="mapid"
/>
`;
